gset <- getGEO(seriesName,GSEMatrix = TRUE, AnnotGPL = TRUE , destdir = "D:/Term/term7/BIO/project")
Found 1 file(s)
GSE48558_series_matrix.txt.gz
> 
> if (length(gset) > 1){
+     idx <- grep(platformName, attr(gset, "names"))
+ } else {
+     idx <- 1
+ }
> gset <- gset[[idx]]
> gset <-
+     gset[, which(gset$source_name_ch1 == "AML Patient" |
+                      gset$`phenotype:ch1` == "Normal")]
> func <- function(x) {
+     if (gset$source_name_ch1[x] == "AML Patient") {
+         return("Test")
+     } else {
+         spll <- strsplit2(gset$source_name_ch1[x] , "\\+")[1, 1]
+         return(paste0("Normal_" , spll))
+     }
+ }
> gr <- sapply(1:length(gset$`phenotype:ch1`) , func)
> 
> expr <- exprs(gset)
> print(paste0("Max Expr: " , max(expr)))
[1] "Max Expr: 13.76153622"
> print(paste0("Min Expr: " , min(expr)))
[1] "Min Expr: 1.611473179"
>  expr <- log2(1 + expr)
>  exprs(gset)<- expr
> 
> pdf("Results/boxplot.pdf" , width = 32)
Error in pdf("Results/boxplot.pdf", width = 32) : 
  cannot open file 'Results/boxplot.pdf'
> boxplot(expr)
> dev.off()
null device 
          1 
> pdf("D:/Term/term7/BIO/project/plot/boxplot.pdf" , width = 32)
> boxplot(expr)
> dev.off()
null device 
          1 
> expr <- normalizeQuantiles(expr)
> exprs(gset) <- expr
> pdf(""D:/Term/term7/BIO/project/plot/boxplot_afterNormalize.pdf" , width = 32)
Error: unexpected symbol in "pdf(""D"
> boxplot(expr)
> dev.off()
null device 
          1 
> pdf("D:/Term/term7/BIO/project/plot/boxplot_afterNormalize.pdf" , width = 32)
> boxplot(expr)
> dev.off()
null device 
          1 